9-18-2026 14:03:48-log: Cannot access game frame or container.
9-18-2026 14:03:48-debug: asset-db:require-engine-code (616ms)
9-18-2026 14:03:48-log: meshopt wasm decoder initialized
9-18-2026 14:03:48-log: [bullet]:bullet wasm lib loaded.
9-18-2026 14:03:48-log: [box2d]:box2d wasm lib loaded.
9-18-2026 14:03:48-log: Cocos Creator v3.8.8
9-18-2026 14:03:48-log: Using legacy pipeline
9-18-2026 14:03:48-debug: [Assets Memory track]: asset-db:worker-init: initEngine start:31.32MB, end 79.29MB, increase: 47.97MB
9-18-2026 14:03:48-log: Forward render pipeline initialized.
9-18-2026 14:03:50-debug: [Assets Memory track]: asset-db:worker-init: initPlugin start:79.37MB, end 274.51MB, increase: 195.14MB
9-18-2026 14:03:50-debug: run package(wechatgame) handler(enable) success!
9-18-2026 14:03:50-debug: run package(wechatgame) handler(enable) start
9-18-2026 14:03:50-debug: run package(wechatprogram) handler(enable) start
9-18-2026 14:03:50-debug: run package(windows) handler(enable) start
9-18-2026 14:03:50-debug: run package(windows) handler(enable) success!
9-18-2026 14:03:50-debug: run package(xiaomi-quick-game) handler(enable) start
9-18-2026 14:03:50-debug: run package(xiaomi-quick-game) handler(enable) success!
9-18-2026 14:03:50-debug: run package(cocos-service) handler(enable) start
9-18-2026 14:03:50-debug: run package(cocos-service) handler(enable) success!
9-18-2026 14:03:50-debug: run package(im-plugin) handler(enable) start
9-18-2026 14:03:50-debug: run package(wechatprogram) handler(enable) success!
9-18-2026 14:03:50-debug: run package(placeholder) handler(enable) success!
9-18-2026 14:03:50-debug: run package(im-plugin) handler(enable) success!
9-18-2026 14:03:50-debug: run package(placeholder) handler(enable) start
9-18-2026 14:03:50-debug: asset-db:worker-init: initPlugin (1732ms)
9-18-2026 14:03:50-debug: [Assets Memory track]: asset-db:worker-init start:31.31MB, end 275.12MB, increase: 243.81MB
9-18-2026 14:03:50-debug: Run asset db hook programming:beforePreStart ...
9-18-2026 14:03:50-debug: Run asset db hook programming:beforePreStart success!
9-18-2026 14:03:50-debug: Run asset db hook engine-extends:beforePreStart success!
9-18-2026 14:03:50-debug: Run asset db hook engine-extends:beforePreStart ...
9-18-2026 14:03:50-debug: asset-db:worker-init (2516ms)
9-18-2026 14:03:50-debug: asset-db-hook-programming-beforePreStart (70ms)
9-18-2026 14:03:50-debug: asset-db-hook-engine-extends-beforePreStart (69ms)
9-18-2026 14:03:50-debug: Preimport db internal success
9-18-2026 14:03:50-debug: Preimport db assets success
9-18-2026 14:03:50-debug: Run asset db hook programming:afterPreStart ...
9-18-2026 14:03:50-debug: starting packer-driver...
9-18-2026 14:03:51-debug: initialize scripting environment...
9-18-2026 14:03:51-debug: [[Executor]] prepare before lock
9-18-2026 14:03:51-debug: Set detail map pack:///resolution-detail-map.json: {}
9-18-2026 14:03:51-debug: [[Executor]] prepare after unlock
9-18-2026 14:03:51-debug: [Assets Memory track]: asset-db:worker-init: preStart start:275.14MB, end 279.26MB, increase: 4.13MB
9-18-2026 14:03:51-debug: Start up the 'internal' database...
9-18-2026 14:03:51-debug: Run asset db hook programming:afterPreStart success!
9-18-2026 14:03:51-debug: Run asset db hook engine-extends:afterPreStart ...
9-18-2026 14:03:51-debug: Run asset db hook engine-extends:afterPreStart success!
9-18-2026 14:03:52-debug: asset-db-hook-programming-afterPreStart (1618ms)
9-18-2026 14:03:52-debug: asset-db:worker-effect-data-processing (470ms)
9-18-2026 14:03:52-debug: asset-db-hook-engine-extends-afterPreStart (472ms)
9-18-2026 14:03:52-debug: Run asset db hook engine-extends:afterStartDB ...
9-18-2026 14:03:52-debug: recompile effect.bin success
9-18-2026 14:03:52-debug: Run asset db hook engine-extends:afterStartDB success!
9-18-2026 14:03:52-debug: Start up the 'assets' database...
9-18-2026 14:03:52-debug: asset-db:worker-effect-data-processing (513ms)
9-18-2026 14:03:52-debug: asset-db-hook-engine-extends-afterStartDB (514ms)
9-18-2026 14:03:52-debug: Run asset db hook engine-extends:afterStartDB ...
9-18-2026 14:03:53-debug: recompile effect.bin success
9-18-2026 14:03:53-debug: Run asset db hook engine-extends:afterStartDB success!
9-18-2026 14:03:53-debug: lazy register asset handler *
9-18-2026 14:03:53-debug: lazy register asset handler directory
9-18-2026 14:03:53-debug: lazy register asset handler text
9-18-2026 14:03:53-debug: lazy register asset handler json
9-18-2026 14:03:53-debug: lazy register asset handler spine-data
9-18-2026 14:03:53-debug: lazy register asset handler dragonbones
9-18-2026 14:03:53-debug: lazy register asset handler dragonbones-atlas
9-18-2026 14:03:53-debug: lazy register asset handler terrain
9-18-2026 14:03:53-debug: lazy register asset handler javascript
9-18-2026 14:03:53-debug: lazy register asset handler typescript
9-18-2026 14:03:53-debug: lazy register asset handler scene
9-18-2026 14:03:53-debug: lazy register asset handler prefab
9-18-2026 14:03:53-debug: lazy register asset handler sprite-frame
9-18-2026 14:03:53-debug: lazy register asset handler tiled-map
9-18-2026 14:03:53-debug: lazy register asset handler buffer
9-18-2026 14:03:53-debug: lazy register asset handler image
9-18-2026 14:03:53-debug: lazy register asset handler sign-image
9-18-2026 14:03:53-debug: lazy register asset handler alpha-image
9-18-2026 14:03:53-debug: lazy register asset handler texture
9-18-2026 14:03:53-debug: lazy register asset handler texture-cube
9-18-2026 14:03:53-debug: lazy register asset handler erp-texture-cube
9-18-2026 14:03:53-debug: lazy register asset handler render-texture
9-18-2026 14:03:53-debug: lazy register asset handler texture-cube-face
9-18-2026 14:03:53-debug: lazy register asset handler rt-sprite-frame
9-18-2026 14:03:53-debug: lazy register asset handler gltf
9-18-2026 14:03:53-debug: lazy register asset handler gltf-mesh
9-18-2026 14:03:53-debug: lazy register asset handler gltf-animation
9-18-2026 14:03:53-debug: lazy register asset handler gltf-skeleton
9-18-2026 14:03:53-debug: lazy register asset handler gltf-material
9-18-2026 14:03:53-debug: lazy register asset handler gltf-scene
9-18-2026 14:03:53-debug: lazy register asset handler gltf-embeded-image
9-18-2026 14:03:53-debug: lazy register asset handler fbx
9-18-2026 14:03:53-debug: lazy register asset handler material
9-18-2026 14:03:53-debug: lazy register asset handler physics-material
9-18-2026 14:03:53-debug: lazy register asset handler effect
9-18-2026 14:03:53-debug: lazy register asset handler effect-header
9-18-2026 14:03:53-debug: lazy register asset handler audio-clip
9-18-2026 14:03:53-debug: lazy register asset handler animation-clip
9-18-2026 14:03:53-debug: lazy register asset handler animation-graph-variant
9-18-2026 14:03:53-debug: lazy register asset handler animation-graph
9-18-2026 14:03:53-debug: lazy register asset handler animation-mask
9-18-2026 14:03:53-debug: lazy register asset handler particle
9-18-2026 14:03:53-debug: lazy register asset handler sprite-atlas
9-18-2026 14:03:53-debug: lazy register asset handler auto-atlas
9-18-2026 14:03:53-debug: lazy register asset handler label-atlas
9-18-2026 14:03:53-debug: lazy register asset handler render-pipeline
9-18-2026 14:03:53-debug: lazy register asset handler render-stage
9-18-2026 14:03:53-debug: lazy register asset handler render-flow
9-18-2026 14:03:53-debug: lazy register asset handler instantiation-material
9-18-2026 14:03:53-debug: lazy register asset handler instantiation-mesh
9-18-2026 14:03:53-debug: lazy register asset handler instantiation-skeleton
9-18-2026 14:03:53-debug: lazy register asset handler instantiation-animation
9-18-2026 14:03:53-debug: lazy register asset handler video-clip
9-18-2026 14:03:53-debug: lazy register asset handler bitmap-font
9-18-2026 14:03:53-debug: lazy register asset handler ttf-font
9-18-2026 14:03:53-debug: asset-db:ready (7646ms)
9-18-2026 14:03:53-debug: asset-db:worker-effect-data-processing (607ms)
9-18-2026 14:03:53-debug: asset-db-hook-engine-extends-afterStartDB (607ms)
9-18-2026 14:03:53-debug: asset-db:start-database (2958ms)
9-18-2026 14:03:53-debug: init worker message success
9-18-2026 14:03:53-debug: programming:execute-script (5ms)
9-18-2026 14:03:54-debug: [Build Memory track]: builder:worker-init start:222.90MB, end 231.56MB, increase: 8.66MB
9-18-2026 14:03:54-debug: builder:worker-init (517ms)
