9-18-2026 14:04:40-log: Cannot access game frame or container.
9-18-2026 14:04:40-debug: asset-db:require-engine-code (765ms)
9-18-2026 14:04:40-log: meshopt wasm decoder initialized
9-18-2026 14:04:40-log: [box2d]:box2d wasm lib loaded.
9-18-2026 14:04:41-log: [bullet]:bullet wasm lib loaded.
9-18-2026 14:04:41-log: Cocos Creator v3.8.8
9-18-2026 14:04:41-log: Using legacy pipeline
9-18-2026 14:04:41-log: Forward render pipeline initialized.
9-18-2026 14:04:41-debug: [Assets Memory track]: asset-db:worker-init: initEngine start:28.12MB, end 78.98MB, increase: 50.87MB
9-18-2026 14:04:43-debug: [Assets Memory track]: asset-db:worker-init: initPlugin start:79.06MB, end 274.18MB, increase: 195.12MB
9-18-2026 14:04:43-debug: run package(web-mobile) handler(enable) start
9-18-2026 14:04:43-debug: run package(web-desktop) handler(enable) start
9-18-2026 14:04:43-debug: run package(web-mobile) handler(enable) success!
9-18-2026 14:04:43-debug: run package(web-desktop) handler(enable) success!
9-18-2026 14:04:43-debug: run package(wechatprogram) handler(enable) start
9-18-2026 14:04:43-debug: run package(wechatgame) handler(enable) start
9-18-2026 14:04:43-debug: run package(wechatprogram) handler(enable) success!
9-18-2026 14:04:43-debug: run package(windows) handler(enable) success!
9-18-2026 14:04:43-debug: run package(wechatgame) handler(enable) success!
9-18-2026 14:04:43-debug: run package(xiaomi-quick-game) handler(enable) start
9-18-2026 14:04:43-debug: run package(cocos-service) handler(enable) start
9-18-2026 14:04:43-debug: run package(xiaomi-quick-game) handler(enable) success!
9-18-2026 14:04:43-debug: run package(windows) handler(enable) start
9-18-2026 14:04:43-debug: run package(cocos-service) handler(enable) success!
9-18-2026 14:04:43-debug: run package(im-plugin) handler(enable) success!
9-18-2026 14:04:43-debug: run package(placeholder) handler(enable) start
9-18-2026 14:04:43-debug: run package(im-plugin) handler(enable) start
9-18-2026 14:04:43-debug: run package(placeholder) handler(enable) success!
9-18-2026 14:04:43-debug: asset-db:worker-init: initPlugin (2135ms)
9-18-2026 14:04:43-debug: [Assets Memory track]: asset-db:worker-init start:28.11MB, end 274.94MB, increase: 246.83MB
9-18-2026 14:04:43-debug: Run asset db hook programming:beforePreStart success!
9-18-2026 14:04:43-debug: Run asset db hook engine-extends:beforePreStart ...
9-18-2026 14:04:43-debug: Run asset db hook programming:beforePreStart ...
9-18-2026 14:04:43-debug: Run asset db hook engine-extends:beforePreStart success!
9-18-2026 14:04:43-debug: asset-db:worker-init (3155ms)
9-18-2026 14:04:43-debug: asset-db-hook-programming-beforePreStart (118ms)
9-18-2026 14:04:43-debug: asset-db-hook-engine-extends-beforePreStart (117ms)
9-18-2026 14:04:43-debug: Preimport db internal success
9-18-2026 14:04:43-debug: Preimport db assets success
9-18-2026 14:04:43-debug: Run asset db hook programming:afterPreStart ...
9-18-2026 14:04:43-debug: starting packer-driver...
9-18-2026 14:04:43-debug: initialize scripting environment...
9-18-2026 14:04:43-debug: [[Executor]] prepare before lock
9-18-2026 14:04:43-debug: Set detail map pack:///resolution-detail-map.json: {}
9-18-2026 14:04:43-debug: [[Executor]] prepare after unlock
9-18-2026 14:04:43-debug: Run asset db hook programming:afterPreStart success!
9-18-2026 14:04:43-debug: Run asset db hook engine-extends:afterPreStart success!
9-18-2026 14:04:43-debug: Run asset db hook engine-extends:afterPreStart ...
9-18-2026 14:04:43-debug: Start up the 'internal' database...
9-18-2026 14:04:44-debug: asset-db-hook-programming-afterPreStart (877ms)
9-18-2026 14:04:44-debug: asset-db-hook-engine-extends-afterPreStart (333ms)
9-18-2026 14:04:44-debug: asset-db:worker-effect-data-processing (333ms)
9-18-2026 14:04:44-debug: Run asset db hook engine-extends:afterStartDB ...
9-18-2026 14:04:45-debug: recompile effect.bin success
9-18-2026 14:04:45-debug: Start up the 'assets' database...
9-18-2026 14:04:45-debug: Run asset db hook engine-extends:afterStartDB success!
9-18-2026 14:04:45-debug: asset-db:worker-effect-data-processing (918ms)
9-18-2026 14:04:45-debug: asset-db-hook-engine-extends-afterStartDB (919ms)
9-18-2026 14:04:45-debug: Run asset db hook engine-extends:afterStartDB ...
9-18-2026 14:04:45-debug: recompile effect.bin success
9-18-2026 14:04:45-debug: Run asset db hook engine-extends:afterStartDB success!
9-18-2026 14:04:45-debug: lazy register asset handler text
9-18-2026 14:04:45-debug: lazy register asset handler directory
9-18-2026 14:04:45-debug: lazy register asset handler spine-data
9-18-2026 14:04:45-debug: lazy register asset handler *
9-18-2026 14:04:45-debug: lazy register asset handler json
9-18-2026 14:04:45-debug: lazy register asset handler dragonbones
9-18-2026 14:04:45-debug: lazy register asset handler dragonbones-atlas
9-18-2026 14:04:45-debug: lazy register asset handler javascript
9-18-2026 14:04:45-debug: lazy register asset handler terrain
9-18-2026 14:04:45-debug: lazy register asset handler typescript
9-18-2026 14:04:45-debug: lazy register asset handler sprite-frame
9-18-2026 14:04:45-debug: lazy register asset handler prefab
9-18-2026 14:04:45-debug: lazy register asset handler tiled-map
9-18-2026 14:04:45-debug: lazy register asset handler scene
9-18-2026 14:04:45-debug: lazy register asset handler buffer
9-18-2026 14:04:45-debug: lazy register asset handler sign-image
9-18-2026 14:04:45-debug: lazy register asset handler alpha-image
9-18-2026 14:04:45-debug: lazy register asset handler texture
9-18-2026 14:04:45-debug: lazy register asset handler texture-cube
9-18-2026 14:04:45-debug: lazy register asset handler image
9-18-2026 14:04:45-debug: lazy register asset handler erp-texture-cube
9-18-2026 14:04:45-debug: lazy register asset handler texture-cube-face
9-18-2026 14:04:45-debug: lazy register asset handler render-texture
9-18-2026 14:04:45-debug: lazy register asset handler rt-sprite-frame
9-18-2026 14:04:45-debug: lazy register asset handler gltf-mesh
9-18-2026 14:04:45-debug: lazy register asset handler gltf-animation
9-18-2026 14:04:45-debug: lazy register asset handler gltf-material
9-18-2026 14:04:45-debug: lazy register asset handler gltf
9-18-2026 14:04:45-debug: lazy register asset handler gltf-embeded-image
9-18-2026 14:04:45-debug: lazy register asset handler fbx
9-18-2026 14:04:45-debug: lazy register asset handler gltf-scene
9-18-2026 14:04:45-debug: lazy register asset handler gltf-skeleton
9-18-2026 14:04:45-debug: lazy register asset handler physics-material
9-18-2026 14:04:45-debug: lazy register asset handler material
9-18-2026 14:04:45-debug: lazy register asset handler effect-header
9-18-2026 14:04:45-debug: lazy register asset handler audio-clip
9-18-2026 14:04:45-debug: lazy register asset handler animation-clip
9-18-2026 14:04:45-debug: lazy register asset handler effect
9-18-2026 14:04:45-debug: lazy register asset handler animation-graph
9-18-2026 14:04:45-debug: lazy register asset handler animation-graph-variant
9-18-2026 14:04:45-debug: lazy register asset handler animation-mask
9-18-2026 14:04:45-debug: lazy register asset handler bitmap-font
9-18-2026 14:04:45-debug: lazy register asset handler sprite-atlas
9-18-2026 14:04:45-debug: lazy register asset handler ttf-font
9-18-2026 14:04:45-debug: lazy register asset handler auto-atlas
9-18-2026 14:04:45-debug: lazy register asset handler label-atlas
9-18-2026 14:04:45-debug: lazy register asset handler render-pipeline
9-18-2026 14:04:45-debug: lazy register asset handler particle
9-18-2026 14:04:45-debug: lazy register asset handler render-flow
9-18-2026 14:04:45-debug: lazy register asset handler render-stage
9-18-2026 14:04:45-debug: lazy register asset handler instantiation-mesh
9-18-2026 14:04:45-debug: lazy register asset handler instantiation-skeleton
9-18-2026 14:04:45-debug: lazy register asset handler instantiation-animation
9-18-2026 14:04:45-debug: lazy register asset handler instantiation-material
9-18-2026 14:04:45-debug: lazy register asset handler video-clip
9-18-2026 14:04:45-debug: asset-db:worker-effect-data-processing (271ms)
9-18-2026 14:04:45-debug: asset-db-hook-engine-extends-afterStartDB (271ms)
9-18-2026 14:04:45-debug: asset-db:start-database (2311ms)
9-18-2026 14:04:45-debug: asset-db:ready (8161ms)
9-18-2026 14:04:45-debug: init worker message success
9-18-2026 14:04:45-debug: programming:execute-script (1ms)
9-18-2026 14:04:45-debug: [Build Memory track]: builder:worker-init start:223.31MB, end 232.75MB, increase: 9.43MB
9-18-2026 14:04:45-debug: builder:worker-init (369ms)
9-18-2026 14:05:04-debug: refresh db internal success
9-18-2026 14:05:04-debug: refresh db assets success
9-18-2026 14:05:04-debug: Run asset db hook engine-extends:afterRefresh ...
9-18-2026 14:05:04-debug: Run asset db hook engine-extends:afterRefresh success!
9-18-2026 14:05:04-debug: asset-db:refresh-all-database (58ms)
9-18-2026 14:05:04-debug: asset-db-hook-engine-extends-afterRefresh (1ms)
9-18-2026 14:05:04-debug: asset-db:worker-effect-data-processing (1ms)
